// Jest Snapshot v1, https://goo.gl/fbAQLP

exports[`FrontMatter: should prependYAML to doc content 1`] = `
"---
stringProp: "\\"Escaped\\" title"
booleanProp: true
numberProp: 2
---

# Doc title

Doc content"
`;
