// Jest Snapshot v1, https://goo.gl/fbAQLP

exports[`Index: should compile readme 1`] = `
"[helper: breadcrumbs]

# MY README

> Some block quote

<!-- some comments -->

Some text
"
`;
