// Jest Snapshot v1, https://goo.gl/fbAQLP

exports[`Options: (defaults) should compile relativeURL helper 1`] = `"Breadcrumbs.md"`;

exports[`Options: (with plugin options) should compile relativeURL helper with public path 1`] = `"test-public-pathclasses/Breadcrumbs.md"`;
