// Jest Snapshot v1, https://goo.gl/fbAQLP

exports[`TOC: (default) should display toc for class' 1`] = `
"## Table of contents

### Constructors

- [constructor](SomeClass.md#constructor)

### Methods

- [someMethod](SomeClass.md#somemethod)
"
`;

exports[`TOC: (default) should display toc for module' 1`] = `
"## Table of contents

### Classes

- [SomeClass](SomeClass.md)

### Type Aliases

- [Answer](../modules.md#answer)
- [answer](../modules.md#answer-1)

### Variables

- [\\_answer](../modules.md#_answer)
- [answer](../modules.md#answer-2)
"
`;
